******************************************************************************
                  TI ARM Linker PC v18.1.1                     
******************************************************************************
>> Linked Sat Jul 10 15:47:14 2021

OUTPUT FILE NAME:   <exp3_2_key_led.out>
ENTRY POINT SYMBOL: "_c_int00_noargs"  address: 000007f9


MEMORY CONFIGURATION

         name            origin    length      used     unused   attr    fill
----------------------  --------  ---------  --------  --------  ----  --------
  MAIN                  00000000   00040000  0000089a  0003f766  R  X
  INFO                  00200000   00004000  00000000  00004000  R  X
  SRAM_CODE             01000000   00010000  00000204  0000fdfc  RW X
  SRAM_DATA             20000000   00010000  00000204  0000fdfc  RW  


SEGMENT ALLOCATION MAP

run origin  load origin   length   init length attrs members
----------  ----------- ---------- ----------- ----- -------
00000000    00000000    000008a0   000008a0    r-x
  00000000    00000000    000000e4   000000e4    r-- .intvecs
  000000e4    000000e4    0000079e   0000079e    r-x .text
  00000888    00000888    00000018   00000018    r-- .cinit
20000000    20000000    00000004   00000000    rw-
  20000000    20000000    00000004   00000000    rw- .data
2000fe00    2000fe00    00000200   00000000    rw-
  2000fe00    2000fe00    00000200   00000000    rw- .stack


SECTION ALLOCATION MAP

 output                                  attributes/
section   page    origin      length       input sections
--------  ----  ----------  ----------   ----------------
.intvecs   0    00000000    000000e4     
                  00000000    000000e4     startup_msp432p401r_ccs.obj (.intvecs:retain)

.text      0    000000e4    0000079e     
                  000000e4    00000334     system_msp432p401r.obj (.text)
                  00000418    00000136     rtsv7M4_T_le_v4SPD16_eabi.lib : fd_div_t2.asm.obj (.text)
                  0000054e    00000002     --HOLE-- [fill = 0]
                  00000550    00000118     main.obj (.text)
                  00000668    0000009c     rtsv7M4_T_le_v4SPD16_eabi.lib : memcpy_t2.asm.obj (.text)
                  00000704    00000068                                   : copy_decompress_lzss.c.obj (.text:decompress:lzss:__TI_decompress_lzss)
                  0000076c    00000048                                   : fd_toi_t2.asm.obj (.text)
                  000007b4    00000044                                   : autoinit.c.obj (.text:__TI_auto_init_nobinit_nopinit:__TI_auto_init_nobinit_nopinit)
                  000007f8    00000038                                   : boot_cortex_m.c.obj (.text:_c_int00_noargs:_c_int00_noargs)
                  00000830    0000002e                                   : i_tofd_t2.asm.obj (.text)
                  0000085e    0000000e                                   : copy_decompress_none.c.obj (.text:decompress:none:__TI_decompress_none)
                  0000086c    0000000e     startup_msp432p401r_ccs.obj (.text)
                  0000087a    00000004     rtsv7M4_T_le_v4SPD16_eabi.lib : pre_init.c.obj (.text:_system_pre_init)
                  0000087e    00000004                                   : exit.c.obj (.text:abort:abort)

.cinit     0    00000888    00000018     
                  00000888    00000008     (.cinit..data.load) [load image, compression = lzss]
                  00000890    00000008     (__TI_handler_table)
                  00000898    00000008     (__TI_cinit_table)

.init_array 
*          0    00000000    00000000     UNINITIALIZED

.binit     0    00000000    00000000     

.data      0    20000000    00000004     UNINITIALIZED
                  20000000    00000004     system_msp432p401r.obj (.data)

.stack     0    2000fe00    00000200     UNINITIALIZED
                  2000fe00    00000004     rtsv7M4_T_le_v4SPD16_eabi.lib : boot_cortex_m.c.obj (.stack)
                  2000fe04    000001fc     --HOLE--

MODULE SUMMARY

       Module                        code   ro data   rw data
       ------                        ----   -------   -------
    .\
       system_msp432p401r.obj        820    0         8      
       main.obj                      280    0         0      
       startup_msp432p401r_ccs.obj   14     228       0      
    +--+-----------------------------+------+---------+---------+
       Total:                        1114   228       8      
                                                             
    C:\ti\ccsv8\tools\compiler\ti-cgt-arm_18.1.1.LTS\lib\rtsv7M4_T_le_v4SPD16_eabi.lib
       fd_div_t2.asm.obj             310    0         0      
       memcpy_t2.asm.obj             156    0         0      
       copy_decompress_lzss.c.obj    104    0         0      
       fd_toi_t2.asm.obj             72     0         0      
       autoinit.c.obj                68     0         0      
       boot_cortex_m.c.obj           56     0         0      
       i_tofd_t2.asm.obj             46     0         0      
       copy_decompress_none.c.obj    14     0         0      
       exit.c.obj                    4      0         0      
       pre_init.c.obj                4      0         0      
    +--+-----------------------------+------+---------+---------+
       Total:                        834    0         0      
                                                             
       Stack:                        0      0         1024   
       Linker Generated:             0      24        0      
    +--+-----------------------------+------+---------+---------+
       Grand Total:                  1948   252       1032   


LINKER GENERATED COPY TABLES

__TI_cinit_table @ 00000898 records: 1, size/record: 8, table size: 8
	.data: load addr=00000888, load size=00000008 bytes, run addr=20000000, run size=00000004 bytes, compression=lzss


LINKER GENERATED HANDLER TABLE

__TI_handler_table @ 00000890 records: 2, size/record: 4, table size: 8
	index: 0, handler: __TI_decompress_lzss
	index: 1, handler: __TI_decompress_none


GLOBAL SYMBOLS: SORTED ALPHABETICALLY BY Name 

address   name                          
-------   ----                          
00000879  ADC14_IRQHandler              
00000879  AES256_IRQHandler             
00000879  BusFault_Handler              
0000087f  C$$EXIT                       
00000879  COMP_E0_IRQHandler            
00000879  COMP_E1_IRQHandler            
00000879  CS_IRQHandler                 
00000879  DMA_ERR_IRQHandler            
00000879  DMA_INT0_IRQHandler           
00000879  DMA_INT1_IRQHandler           
00000879  DMA_INT2_IRQHandler           
00000879  DMA_INT3_IRQHandler           
00000879  DebugMon_Handler              
00000879  Default_Handler               
00000879  EUSCIA0_IRQHandler            
00000879  EUSCIA1_IRQHandler            
00000879  EUSCIA2_IRQHandler            
00000879  EUSCIA3_IRQHandler            
00000879  EUSCIB0_IRQHandler            
00000879  EUSCIB1_IRQHandler            
00000879  EUSCIB2_IRQHandler            
00000879  EUSCIB3_IRQHandler            
00000879  FLCTL_IRQHandler              
00000879  FPU_IRQHandler                
00000879  HardFault_Handler             
000005cd  Is_key_pressed                
00000879  MemManage_Handler             
00000879  NMI_Handler                   
00000879  PCM_IRQHandler                
00000879  PORT1_IRQHandler              
00000879  PORT2_IRQHandler              
00000879  PORT3_IRQHandler              
00000879  PORT4_IRQHandler              
00000879  PORT5_IRQHandler              
00000879  PORT6_IRQHandler              
00000879  PSS_IRQHandler                
00000879  PendSV_Handler                
00000879  RTC_C_IRQHandler              
0000086d  Reset_Handler                 
00000879  SVC_Handler                   
00000879  SysTick_Handler               
20000000  SystemCoreClock               
000000e5  SystemCoreClockUpdate         
0000035d  SystemInit                    
00000879  T32_INT1_IRQHandler           
00000879  T32_INT2_IRQHandler           
00000879  T32_INTC_IRQHandler           
00000879  TA0_0_IRQHandler              
00000879  TA0_N_IRQHandler              
00000879  TA1_0_IRQHandler              
00000879  TA1_N_IRQHandler              
00000879  TA2_0_IRQHandler              
00000879  TA2_N_IRQHandler              
00000879  TA3_0_IRQHandler              
00000879  TA3_N_IRQHandler              
00000879  UsageFault_Handler            
4000480c  WDTCTL_SYM                    
00000879  WDT_A_IRQHandler              
20010000  __STACK_END                   
00000200  __STACK_SIZE                  
00000898  __TI_CINIT_Base               
000008a0  __TI_CINIT_Limit              
00000890  __TI_Handler_Table_Base       
00000898  __TI_Handler_Table_Limit      
000007b5  __TI_auto_init_nobinit_nopinit
00000705  __TI_decompress_lzss          
0000085f  __TI_decompress_none          
ffffffff  __TI_pprof_out_hndl           
ffffffff  __TI_prof_data_size           
ffffffff  __TI_prof_data_start          
00000000  __TI_static_base__            
0000076d  __aeabi_d2iz                  
00000419  __aeabi_ddiv                  
00000831  __aeabi_i2d                   
00000669  __aeabi_memcpy                
00000669  __aeabi_memcpy4               
00000669  __aeabi_memcpy8               
ffffffff  __binit__                     
ffffffff  __c_args__                    
UNDEFED   __mpu_init                    
2000fe00  __stack                       
000007f9  _c_int00_noargs               
UNDEFED   _system_post_cinit            
0000087b  _system_pre_init              
0000087f  abort                         
ffffffff  binit                         
00000617  delay_ms                      
00000000  interruptVectors              
00000551  main                          
00000669  memcpy                        


GLOBAL SYMBOLS: SORTED BY Symbol Address 

address   name                          
-------   ----                          
00000000  __TI_static_base__            
00000000  interruptVectors              
000000e5  SystemCoreClockUpdate         
00000200  __STACK_SIZE                  
0000035d  SystemInit                    
00000419  __aeabi_ddiv                  
00000551  main                          
000005cd  Is_key_pressed                
00000617  delay_ms                      
00000669  __aeabi_memcpy                
00000669  __aeabi_memcpy4               
00000669  __aeabi_memcpy8               
00000669  memcpy                        
00000705  __TI_decompress_lzss          
0000076d  __aeabi_d2iz                  
000007b5  __TI_auto_init_nobinit_nopinit
000007f9  _c_int00_noargs               
00000831  __aeabi_i2d                   
0000085f  __TI_decompress_none          
0000086d  Reset_Handler                 
00000879  ADC14_IRQHandler              
00000879  AES256_IRQHandler             
00000879  BusFault_Handler              
00000879  COMP_E0_IRQHandler            
00000879  COMP_E1_IRQHandler            
00000879  CS_IRQHandler                 
00000879  DMA_ERR_IRQHandler            
00000879  DMA_INT0_IRQHandler           
00000879  DMA_INT1_IRQHandler           
00000879  DMA_INT2_IRQHandler           
00000879  DMA_INT3_IRQHandler           
00000879  DebugMon_Handler              
00000879  Default_Handler               
00000879  EUSCIA0_IRQHandler            
00000879  EUSCIA1_IRQHandler            
00000879  EUSCIA2_IRQHandler            
00000879  EUSCIA3_IRQHandler            
00000879  EUSCIB0_IRQHandler            
00000879  EUSCIB1_IRQHandler            
00000879  EUSCIB2_IRQHandler            
00000879  EUSCIB3_IRQHandler            
00000879  FLCTL_IRQHandler              
00000879  FPU_IRQHandler                
00000879  HardFault_Handler             
00000879  MemManage_Handler             
00000879  NMI_Handler                   
00000879  PCM_IRQHandler                
00000879  PORT1_IRQHandler              
00000879  PORT2_IRQHandler              
00000879  PORT3_IRQHandler              
00000879  PORT4_IRQHandler              
00000879  PORT5_IRQHandler              
00000879  PORT6_IRQHandler              
00000879  PSS_IRQHandler                
00000879  PendSV_Handler                
00000879  RTC_C_IRQHandler              
00000879  SVC_Handler                   
00000879  SysTick_Handler               
00000879  T32_INT1_IRQHandler           
00000879  T32_INT2_IRQHandler           
00000879  T32_INTC_IRQHandler           
00000879  TA0_0_IRQHandler              
00000879  TA0_N_IRQHandler              
00000879  TA1_0_IRQHandler              
00000879  TA1_N_IRQHandler              
00000879  TA2_0_IRQHandler              
00000879  TA2_N_IRQHandler              
00000879  TA3_0_IRQHandler              
00000879  TA3_N_IRQHandler              
00000879  UsageFault_Handler            
00000879  WDT_A_IRQHandler              
0000087b  _system_pre_init              
0000087f  C$$EXIT                       
0000087f  abort                         
00000890  __TI_Handler_Table_Base       
00000898  __TI_CINIT_Base               
00000898  __TI_Handler_Table_Limit      
000008a0  __TI_CINIT_Limit              
20000000  SystemCoreClock               
2000fe00  __stack                       
20010000  __STACK_END                   
4000480c  WDTCTL_SYM                    
ffffffff  __TI_pprof_out_hndl           
ffffffff  __TI_prof_data_size           
ffffffff  __TI_prof_data_start          
ffffffff  __binit__                     
ffffffff  __c_args__                    
ffffffff  binit                         
UNDEFED   __mpu_init                    
UNDEFED   _system_post_cinit            

[90 symbols]
