******************************************************************************
                  TI ARM Linker PC v18.1.1                     
******************************************************************************
>> Linked Fri Jul  9 19:53:36 2021

OUTPUT FILE NAME:   <exp5_2_car_LPM.out>
ENTRY POINT SYMBOL: "_c_int00_noargs"  address: 00000aa9


MEMORY CONFIGURATION

         name            origin    length      used     unused   attr    fill
----------------------  --------  ---------  --------  --------  ----  --------
  MAIN                  00000000   00040000  00000b2d  0003f4d3  R  X
  INFO                  00200000   00004000  00000000  00004000  R  X
  SRAM_CODE             01000000   00010000  00000204  0000fdfc  RW X
  SRAM_DATA             20000000   00010000  00000204  0000fdfc  RW  


SEGMENT ALLOCATION MAP

run origin  load origin   length   init length attrs members
----------  ----------- ---------- ----------- ----- -------
00000000    00000000    00000b30   00000b30    r-x
  00000000    00000000    000000e4   000000e4    r-- .intvecs
  000000e4    000000e4    00000a20   00000a20    r-x .text
  00000b04    00000b04    00000011   00000011    r-- .const
  00000b18    00000b18    00000018   00000018    r-- .cinit
20000000    20000000    00000004   00000000    rw-
  20000000    20000000    00000004   00000000    rw- .data
2000fe00    2000fe00    00000200   00000000    rw-
  2000fe00    2000fe00    00000200   00000000    rw- .stack


SECTION ALLOCATION MAP

 output                                  attributes/
section   page    origin      length       input sections
--------  ----  ----------  ----------   ----------------
.intvecs   0    00000000    000000e4     
                  00000000    000000e4     startup_msp432p401r_ccs.obj (.intvecs:retain)

.text      0    000000e4    00000a20     
                  000000e4    00000548     main.obj (.text)
                  0000062c    00000334     system_msp432p401r.obj (.text)
                  00000960    0000009c     rtsv7M4_T_le_v4SPD16_eabi.lib : memcpy_t2.asm.obj (.text)
                  000009fc    00000068                                   : copy_decompress_lzss.c.obj (.text:decompress:lzss:__TI_decompress_lzss)
                  00000a64    00000044                                   : autoinit.c.obj (.text:__TI_auto_init_nobinit_nopinit:__TI_auto_init_nobinit_nopinit)
                  00000aa8    00000038                                   : boot_cortex_m.c.obj (.text:_c_int00_noargs:_c_int00_noargs)
                  00000ae0    0000000e                                   : copy_decompress_none.c.obj (.text:decompress:none:__TI_decompress_none)
                  00000aee    0000000e     startup_msp432p401r_ccs.obj (.text)
                  00000afc    00000004     rtsv7M4_T_le_v4SPD16_eabi.lib : pre_init.c.obj (.text:_system_pre_init)
                  00000b00    00000004                                   : exit.c.obj (.text:abort:abort)

.const     0    00000b04    00000011     
                  00000b04    00000011     main.obj (.const:$P$T0$1)

.cinit     0    00000b18    00000018     
                  00000b18    00000008     (.cinit..data.load) [load image, compression = lzss]
                  00000b20    00000008     (__TI_handler_table)
                  00000b28    00000008     (__TI_cinit_table)

.init_array 
*          0    00000000    00000000     UNINITIALIZED

.binit     0    00000000    00000000     

.data      0    20000000    00000004     UNINITIALIZED
                  20000000    00000004     system_msp432p401r.obj (.data)

.stack     0    2000fe00    00000200     UNINITIALIZED
                  2000fe00    00000004     rtsv7M4_T_le_v4SPD16_eabi.lib : boot_cortex_m.c.obj (.stack)
                  2000fe04    000001fc     --HOLE--

MODULE SUMMARY

       Module                        code   ro data   rw data
       ------                        ----   -------   -------
    .\
       main.obj                      1352   17        0      
       system_msp432p401r.obj        820    0         8      
       startup_msp432p401r_ccs.obj   14     228       0      
    +--+-----------------------------+------+---------+---------+
       Total:                        2186   245       8      
                                                             
    C:\ti\ccsv8\tools\compiler\ti-cgt-arm_18.1.1.LTS\lib\rtsv7M4_T_le_v4SPD16_eabi.lib
       memcpy_t2.asm.obj             156    0         0      
       copy_decompress_lzss.c.obj    104    0         0      
       autoinit.c.obj                68     0         0      
       boot_cortex_m.c.obj           56     0         0      
       copy_decompress_none.c.obj    14     0         0      
       exit.c.obj                    4      0         0      
       pre_init.c.obj                4      0         0      
    +--+-----------------------------+------+---------+---------+
       Total:                        406    0         0      
                                                             
       Stack:                        0      0         1024   
       Linker Generated:             0      24        0      
    +--+-----------------------------+------+---------+---------+
       Grand Total:                  2592   269       1032   


LINKER GENERATED COPY TABLES

__TI_cinit_table @ 00000b28 records: 1, size/record: 8, table size: 8
	.data: load addr=00000b18, load size=00000008 bytes, run addr=20000000, run size=00000004 bytes, compression=lzss


LINKER GENERATED HANDLER TABLE

__TI_handler_table @ 00000b20 records: 2, size/record: 4, table size: 8
	index: 0, handler: __TI_decompress_lzss
	index: 1, handler: __TI_decompress_none


GLOBAL SYMBOLS: SORTED ALPHABETICALLY BY Name 

address   name                          
-------   ----                          
00000afb  ADC14_IRQHandler              
00000afb  AES256_IRQHandler             
00000afb  BusFault_Handler              
00000b01  C$$EXIT                       
00000afb  COMP_E0_IRQHandler            
00000afb  COMP_E1_IRQHandler            
00000afb  CS_IRQHandler                 
00000afb  DMA_ERR_IRQHandler            
00000afb  DMA_INT0_IRQHandler           
00000afb  DMA_INT1_IRQHandler           
00000afb  DMA_INT2_IRQHandler           
00000afb  DMA_INT3_IRQHandler           
00000afb  DebugMon_Handler              
00000afb  Default_Handler               
00000afb  EUSCIA0_IRQHandler            
00000afb  EUSCIA1_IRQHandler            
00000afb  EUSCIA2_IRQHandler            
00000afb  EUSCIA3_IRQHandler            
00000afb  EUSCIB0_IRQHandler            
00000afb  EUSCIB1_IRQHandler            
00000afb  EUSCIB2_IRQHandler            
00000afb  EUSCIB3_IRQHandler            
00000afb  FLCTL_IRQHandler              
00000afb  FPU_IRQHandler                
00000afb  HardFault_Handler             
00000afb  MemManage_Handler             
00000afb  NMI_Handler                   
00000afb  PCM_IRQHandler                
000001fd  PORT1_IRQHandler              
000001fd  PORT1_IRQHandler              
00000afb  PORT2_IRQHandler              
00000afb  PORT3_IRQHandler              
00000afb  PORT4_IRQHandler              
00000afb  PORT5_IRQHandler              
00000afb  PORT6_IRQHandler              
00000afb  PSS_IRQHandler                
00000afb  PendSV_Handler                
00000afb  RTC_C_IRQHandler              
00000aef  Reset_Handler                 
00000afb  SVC_Handler                   
00000afb  SysTick_Handler               
20000000  SystemCoreClock               
0000062d  SystemCoreClockUpdate         
000008a5  SystemInit                    
00000afb  T32_INT1_IRQHandler           
00000afb  T32_INT2_IRQHandler           
00000afb  T32_INTC_IRQHandler           
00000afb  TA0_0_IRQHandler              
00000afb  TA0_N_IRQHandler              
00000afb  TA1_0_IRQHandler              
00000afb  TA1_N_IRQHandler              
00000afb  TA2_0_IRQHandler              
00000afb  TA2_N_IRQHandler              
00000afb  TA3_0_IRQHandler              
00000afb  TA3_N_IRQHandler              
00000afb  UsageFault_Handler            
4000480c  WDTCTL_SYM                    
00000afb  WDT_A_IRQHandler              
20010000  __STACK_END                   
00000200  __STACK_SIZE                  
00000b28  __TI_CINIT_Base               
00000b30  __TI_CINIT_Limit              
00000b20  __TI_Handler_Table_Base       
00000b28  __TI_Handler_Table_Limit      
00000a65  __TI_auto_init_nobinit_nopinit
000009fd  __TI_decompress_lzss          
00000ae1  __TI_decompress_none          
ffffffff  __TI_pprof_out_hndl           
ffffffff  __TI_prof_data_size           
ffffffff  __TI_prof_data_start          
00000000  __TI_static_base__            
00000961  __aeabi_memcpy                
00000961  __aeabi_memcpy4               
00000961  __aeabi_memcpy8               
ffffffff  __binit__                     
ffffffff  __c_args__                    
UNDEFED   __mpu_init                    
2000fe00  __stack                       
00000aa9  _c_int00_noargs               
UNDEFED   _system_post_cinit            
00000afd  _system_pre_init              
00000b01  abort                         
ffffffff  binit                         
00000000  interruptVectors              
000000e5  main                          
00000961  memcpy                        


GLOBAL SYMBOLS: SORTED BY Symbol Address 

address   name                          
-------   ----                          
00000000  __TI_static_base__            
00000000  interruptVectors              
000000e5  main                          
000001fd  PORT1_IRQHandler              
000001fd  PORT1_IRQHandler              
00000200  __STACK_SIZE                  
0000062d  SystemCoreClockUpdate         
000008a5  SystemInit                    
00000961  __aeabi_memcpy                
00000961  __aeabi_memcpy4               
00000961  __aeabi_memcpy8               
00000961  memcpy                        
000009fd  __TI_decompress_lzss          
00000a65  __TI_auto_init_nobinit_nopinit
00000aa9  _c_int00_noargs               
00000ae1  __TI_decompress_none          
00000aef  Reset_Handler                 
00000afb  ADC14_IRQHandler              
00000afb  AES256_IRQHandler             
00000afb  BusFault_Handler              
00000afb  COMP_E0_IRQHandler            
00000afb  COMP_E1_IRQHandler            
00000afb  CS_IRQHandler                 
00000afb  DMA_ERR_IRQHandler            
00000afb  DMA_INT0_IRQHandler           
00000afb  DMA_INT1_IRQHandler           
00000afb  DMA_INT2_IRQHandler           
00000afb  DMA_INT3_IRQHandler           
00000afb  DebugMon_Handler              
00000afb  Default_Handler               
00000afb  EUSCIA0_IRQHandler            
00000afb  EUSCIA1_IRQHandler            
00000afb  EUSCIA2_IRQHandler            
00000afb  EUSCIA3_IRQHandler            
00000afb  EUSCIB0_IRQHandler            
00000afb  EUSCIB1_IRQHandler            
00000afb  EUSCIB2_IRQHandler            
00000afb  EUSCIB3_IRQHandler            
00000afb  FLCTL_IRQHandler              
00000afb  FPU_IRQHandler                
00000afb  HardFault_Handler             
00000afb  MemManage_Handler             
00000afb  NMI_Handler                   
00000afb  PCM_IRQHandler                
00000afb  PORT2_IRQHandler              
00000afb  PORT3_IRQHandler              
00000afb  PORT4_IRQHandler              
00000afb  PORT5_IRQHandler              
00000afb  PORT6_IRQHandler              
00000afb  PSS_IRQHandler                
00000afb  PendSV_Handler                
00000afb  RTC_C_IRQHandler              
00000afb  SVC_Handler                   
00000afb  SysTick_Handler               
00000afb  T32_INT1_IRQHandler           
00000afb  T32_INT2_IRQHandler           
00000afb  T32_INTC_IRQHandler           
00000afb  TA0_0_IRQHandler              
00000afb  TA0_N_IRQHandler              
00000afb  TA1_0_IRQHandler              
00000afb  TA1_N_IRQHandler              
00000afb  TA2_0_IRQHandler              
00000afb  TA2_N_IRQHandler              
00000afb  TA3_0_IRQHandler              
00000afb  TA3_N_IRQHandler              
00000afb  UsageFault_Handler            
00000afb  WDT_A_IRQHandler              
00000afd  _system_pre_init              
00000b01  C$$EXIT                       
00000b01  abort                         
00000b20  __TI_Handler_Table_Base       
00000b28  __TI_CINIT_Base               
00000b28  __TI_Handler_Table_Limit      
00000b30  __TI_CINIT_Limit              
20000000  SystemCoreClock               
2000fe00  __stack                       
20010000  __STACK_END                   
4000480c  WDTCTL_SYM                    
ffffffff  __TI_pprof_out_hndl           
ffffffff  __TI_prof_data_size           
ffffffff  __TI_prof_data_start          
ffffffff  __binit__                     
ffffffff  __c_args__                    
ffffffff  binit                         
UNDEFED   __mpu_init                    
UNDEFED   _system_post_cinit            

[86 symbols]
