******************************************************************************
                  TI ARM Linker PC v18.1.1                     
******************************************************************************
>> Linked Mon Jul 12 19:50:28 2021

OUTPUT FILE NAME:   <exp7_1_WDT_led.out>
ENTRY POINT SYMBOL: "_c_int00_noargs"  address: 000006ed


MEMORY CONFIGURATION

         name            origin    length      used     unused   attr    fill
----------------------  --------  ---------  --------  --------  ----  --------
  MAIN                  00000000   00040000  00000768  0003f898  R  X
  INFO                  00200000   00004000  00000000  00004000  R  X
  SRAM_CODE             01000000   00010000  00000210  0000fdf0  RW X
  SRAM_DATA             20000000   00010000  00000210  0000fdf0  RW  


SEGMENT ALLOCATION MAP

run origin  load origin   length   init length attrs members
----------  ----------- ---------- ----------- ----- -------
00000000    00000000    00000768   00000768    r-x
  00000000    00000000    000000e4   000000e4    r-- .intvecs
  000000e4    000000e4    00000664   00000664    r-x .text
  00000748    00000748    00000020   00000020    r-- .cinit
20000000    20000000    00000010   00000000    rw-
  20000000    20000000    00000010   00000000    rw- .data
2000fe00    2000fe00    00000200   00000000    rw-
  2000fe00    2000fe00    00000200   00000000    rw- .stack


SECTION ALLOCATION MAP

 output                                  attributes/
section   page    origin      length       input sections
--------  ----  ----------  ----------   ----------------
.intvecs   0    00000000    000000e4     
                  00000000    000000e4     startup_msp432p401r_ccs.obj (.intvecs:retain)

.text      0    000000e4    00000664     
                  000000e4    00000334     system_msp432p401r.obj (.text)
                  00000418    0000018c     main.obj (.text)
                  000005a4    0000009c     rtsv7M4_T_le_v4SPD16_eabi.lib : memcpy_t2.asm.obj (.text)
                  00000640    00000068                                   : copy_decompress_lzss.c.obj (.text:decompress:lzss:__TI_decompress_lzss)
                  000006a8    00000044                                   : autoinit.c.obj (.text:__TI_auto_init_nobinit_nopinit:__TI_auto_init_nobinit_nopinit)
                  000006ec    00000038                                   : boot_cortex_m.c.obj (.text:_c_int00_noargs:_c_int00_noargs)
                  00000724    0000000e                                   : copy_decompress_none.c.obj (.text:decompress:none:__TI_decompress_none)
                  00000732    0000000e     startup_msp432p401r_ccs.obj (.text)
                  00000740    00000004     rtsv7M4_T_le_v4SPD16_eabi.lib : pre_init.c.obj (.text:_system_pre_init)
                  00000744    00000004                                   : exit.c.obj (.text:abort:abort)

.cinit     0    00000748    00000020     
                  00000748    0000000f     (.cinit..data.load) [load image, compression = lzss]
                  00000757    00000001     --HOLE-- [fill = 0]
                  00000758    00000008     (__TI_handler_table)
                  00000760    00000008     (__TI_cinit_table)

.init_array 
*          0    00000000    00000000     UNINITIALIZED

.binit     0    00000000    00000000     

.data      0    20000000    00000010     UNINITIALIZED
                  20000000    0000000c     main.obj (.data)
                  2000000c    00000004     system_msp432p401r.obj (.data)

.stack     0    2000fe00    00000200     UNINITIALIZED
                  2000fe00    00000004     rtsv7M4_T_le_v4SPD16_eabi.lib : boot_cortex_m.c.obj (.stack)
                  2000fe04    000001fc     --HOLE--

MODULE SUMMARY

       Module                        code   ro data   rw data
       ------                        ----   -------   -------
    .\
       system_msp432p401r.obj        820    0         8      
       main.obj                      396    0         24     
       startup_msp432p401r_ccs.obj   14     228       0      
    +--+-----------------------------+------+---------+---------+
       Total:                        1230   228       32     
                                                             
    C:\ti\ccsv8\tools\compiler\ti-cgt-arm_18.1.1.LTS\lib\rtsv7M4_T_le_v4SPD16_eabi.lib
       memcpy_t2.asm.obj             156    0         0      
       copy_decompress_lzss.c.obj    104    0         0      
       autoinit.c.obj                68     0         0      
       boot_cortex_m.c.obj           56     0         0      
       copy_decompress_none.c.obj    14     0         0      
       exit.c.obj                    4      0         0      
       pre_init.c.obj                4      0         0      
    +--+-----------------------------+------+---------+---------+
       Total:                        406    0         0      
                                                             
       Stack:                        0      0         1024   
       Linker Generated:             0      31        0      
    +--+-----------------------------+------+---------+---------+
       Grand Total:                  1636   259       1056   


LINKER GENERATED COPY TABLES

__TI_cinit_table @ 00000760 records: 1, size/record: 8, table size: 8
	.data: load addr=00000748, load size=0000000f bytes, run addr=20000000, run size=00000010 bytes, compression=lzss


LINKER GENERATED HANDLER TABLE

__TI_handler_table @ 00000758 records: 2, size/record: 4, table size: 8
	index: 0, handler: __TI_decompress_lzss
	index: 1, handler: __TI_decompress_none


GLOBAL SYMBOLS: SORTED ALPHABETICALLY BY Name 

address   name                          
-------   ----                          
0000073f  ADC14_IRQHandler              
0000073f  AES256_IRQHandler             
0000073f  BusFault_Handler              
00000745  C$$EXIT                       
0000073f  COMP_E0_IRQHandler            
0000073f  COMP_E1_IRQHandler            
0000073f  CS_IRQHandler                 
0000073f  DMA_ERR_IRQHandler            
0000073f  DMA_INT0_IRQHandler           
0000073f  DMA_INT1_IRQHandler           
0000073f  DMA_INT2_IRQHandler           
0000073f  DMA_INT3_IRQHandler           
0000073f  DebugMon_Handler              
0000073f  Default_Handler               
0000073f  EUSCIA0_IRQHandler            
0000073f  EUSCIA1_IRQHandler            
0000073f  EUSCIA2_IRQHandler            
0000073f  EUSCIA3_IRQHandler            
0000073f  EUSCIB0_IRQHandler            
0000073f  EUSCIB1_IRQHandler            
0000073f  EUSCIB2_IRQHandler            
0000073f  EUSCIB3_IRQHandler            
0000073f  FLCTL_IRQHandler              
0000073f  FPU_IRQHandler                
0000073f  HardFault_Handler             
0000073f  MemManage_Handler             
0000073f  NMI_Handler                   
0000073f  PCM_IRQHandler                
0000049d  PORT1_IRQHandler              
0000049d  PORT1_IRQHandler              
0000073f  PORT2_IRQHandler              
0000073f  PORT3_IRQHandler              
0000073f  PORT4_IRQHandler              
0000073f  PORT5_IRQHandler              
0000073f  PORT6_IRQHandler              
0000073f  PSS_IRQHandler                
0000073f  PendSV_Handler                
0000073f  RTC_C_IRQHandler              
00000733  Reset_Handler                 
0000073f  SVC_Handler                   
0000073f  SysTick_Handler               
2000000c  SystemCoreClock               
000000e5  SystemCoreClockUpdate         
0000035d  SystemInit                    
0000073f  T32_INT1_IRQHandler           
0000073f  T32_INT2_IRQHandler           
0000073f  T32_INTC_IRQHandler           
0000073f  TA0_0_IRQHandler              
0000073f  TA0_N_IRQHandler              
0000073f  TA1_0_IRQHandler              
0000073f  TA1_N_IRQHandler              
0000073f  TA2_0_IRQHandler              
0000073f  TA2_N_IRQHandler              
0000073f  TA3_0_IRQHandler              
0000073f  TA3_N_IRQHandler              
0000073f  UsageFault_Handler            
4000480c  WDTCTL_SYM                    
000004f5  WDT_A_IRQHandler              
000004f5  WDT_A_IRQHandler              
20010000  __STACK_END                   
00000200  __STACK_SIZE                  
00000760  __TI_CINIT_Base               
00000768  __TI_CINIT_Limit              
00000758  __TI_Handler_Table_Base       
00000760  __TI_Handler_Table_Limit      
000006a9  __TI_auto_init_nobinit_nopinit
00000641  __TI_decompress_lzss          
00000725  __TI_decompress_none          
ffffffff  __TI_pprof_out_hndl           
ffffffff  __TI_prof_data_size           
ffffffff  __TI_prof_data_start          
00000000  __TI_static_base__            
000005a5  __aeabi_memcpy                
000005a5  __aeabi_memcpy4               
000005a5  __aeabi_memcpy8               
ffffffff  __binit__                     
ffffffff  __c_args__                    
UNDEFED   __mpu_init                    
2000fe00  __stack                       
000006ed  _c_int00_noargs               
UNDEFED   _system_post_cinit            
00000741  _system_pre_init              
00000745  abort                         
ffffffff  binit                         
20000000  count                         
20000004  debounce                      
20000008  flag                          
00000000  interruptVectors              
00000419  main                          
000005a5  memcpy                        


GLOBAL SYMBOLS: SORTED BY Symbol Address 

address   name                          
-------   ----                          
00000000  __TI_static_base__            
00000000  interruptVectors              
000000e5  SystemCoreClockUpdate         
00000200  __STACK_SIZE                  
0000035d  SystemInit                    
00000419  main                          
0000049d  PORT1_IRQHandler              
0000049d  PORT1_IRQHandler              
000004f5  WDT_A_IRQHandler              
000004f5  WDT_A_IRQHandler              
000005a5  __aeabi_memcpy                
000005a5  __aeabi_memcpy4               
000005a5  __aeabi_memcpy8               
000005a5  memcpy                        
00000641  __TI_decompress_lzss          
000006a9  __TI_auto_init_nobinit_nopinit
000006ed  _c_int00_noargs               
00000725  __TI_decompress_none          
00000733  Reset_Handler                 
0000073f  ADC14_IRQHandler              
0000073f  AES256_IRQHandler             
0000073f  BusFault_Handler              
0000073f  COMP_E0_IRQHandler            
0000073f  COMP_E1_IRQHandler            
0000073f  CS_IRQHandler                 
0000073f  DMA_ERR_IRQHandler            
0000073f  DMA_INT0_IRQHandler           
0000073f  DMA_INT1_IRQHandler           
0000073f  DMA_INT2_IRQHandler           
0000073f  DMA_INT3_IRQHandler           
0000073f  DebugMon_Handler              
0000073f  Default_Handler               
0000073f  EUSCIA0_IRQHandler            
0000073f  EUSCIA1_IRQHandler            
0000073f  EUSCIA2_IRQHandler            
0000073f  EUSCIA3_IRQHandler            
0000073f  EUSCIB0_IRQHandler            
0000073f  EUSCIB1_IRQHandler            
0000073f  EUSCIB2_IRQHandler            
0000073f  EUSCIB3_IRQHandler            
0000073f  FLCTL_IRQHandler              
0000073f  FPU_IRQHandler                
0000073f  HardFault_Handler             
0000073f  MemManage_Handler             
0000073f  NMI_Handler                   
0000073f  PCM_IRQHandler                
0000073f  PORT2_IRQHandler              
0000073f  PORT3_IRQHandler              
0000073f  PORT4_IRQHandler              
0000073f  PORT5_IRQHandler              
0000073f  PORT6_IRQHandler              
0000073f  PSS_IRQHandler                
0000073f  PendSV_Handler                
0000073f  RTC_C_IRQHandler              
0000073f  SVC_Handler                   
0000073f  SysTick_Handler               
0000073f  T32_INT1_IRQHandler           
0000073f  T32_INT2_IRQHandler           
0000073f  T32_INTC_IRQHandler           
0000073f  TA0_0_IRQHandler              
0000073f  TA0_N_IRQHandler              
0000073f  TA1_0_IRQHandler              
0000073f  TA1_N_IRQHandler              
0000073f  TA2_0_IRQHandler              
0000073f  TA2_N_IRQHandler              
0000073f  TA3_0_IRQHandler              
0000073f  TA3_N_IRQHandler              
0000073f  UsageFault_Handler            
00000741  _system_pre_init              
00000745  C$$EXIT                       
00000745  abort                         
00000758  __TI_Handler_Table_Base       
00000760  __TI_CINIT_Base               
00000760  __TI_Handler_Table_Limit      
00000768  __TI_CINIT_Limit              
20000000  count                         
20000004  debounce                      
20000008  flag                          
2000000c  SystemCoreClock               
2000fe00  __stack                       
20010000  __STACK_END                   
4000480c  WDTCTL_SYM                    
ffffffff  __TI_pprof_out_hndl           
ffffffff  __TI_prof_data_size           
ffffffff  __TI_prof_data_start          
ffffffff  __binit__                     
ffffffff  __c_args__                    
ffffffff  binit                         
UNDEFED   __mpu_init                    
UNDEFED   _system_post_cinit            

[90 symbols]
