******************************************************************************
                  TI ARM Linker PC v18.1.1                     
******************************************************************************
>> Linked Sat Jul 10 09:54:48 2021

OUTPUT FILE NAME:   <exp3_3_car_key.out>
ENTRY POINT SYMBOL: "_c_int00_noargs"  address: 000008ed


MEMORY CONFIGURATION

         name            origin    length      used     unused   attr    fill
----------------------  --------  ---------  --------  --------  ----  --------
  MAIN                  00000000   00040000  00000964  0003f69c  R  X
  INFO                  00200000   00004000  00000000  00004000  R  X
  SRAM_CODE             01000000   00010000  00000218  0000fde8  RW X
  SRAM_DATA             20000000   00010000  00000218  0000fde8  RW  


SEGMENT ALLOCATION MAP

run origin  load origin   length   init length attrs members
----------  ----------- ---------- ----------- ----- -------
00000000    00000000    00000964   00000964    r-x
  00000000    00000000    000000e4   000000e4    r-- .intvecs
  000000e4    000000e4    00000864   00000864    r-x .text
  00000948    00000948    0000001c   0000001c    r-- .cinit
20000000    20000000    00000018   00000000    rw-
  20000000    20000000    00000018   00000000    rw- .data
2000fe00    2000fe00    00000200   00000000    rw-
  2000fe00    2000fe00    00000200   00000000    rw- .stack


SECTION ALLOCATION MAP

 output                                  attributes/
section   page    origin      length       input sections
--------  ----  ----------  ----------   ----------------
.intvecs   0    00000000    000000e4     
                  00000000    000000e4     startup_msp432p401r_ccs.obj (.intvecs:retain)

.text      0    000000e4    00000864     
                  000000e4    00000334     system_msp432p401r.obj (.text)
                  00000418    000002d8     comm.obj (.text)
                  000006f0    000000b4     main.obj (.text)
                  000007a4    0000009c     rtsv7M4_T_le_v4SPD16_eabi.lib : memcpy_t2.asm.obj (.text)
                  00000840    00000068                                   : copy_decompress_lzss.c.obj (.text:decompress:lzss:__TI_decompress_lzss)
                  000008a8    00000044                                   : autoinit.c.obj (.text:__TI_auto_init_nobinit_nopinit:__TI_auto_init_nobinit_nopinit)
                  000008ec    00000038                                   : boot_cortex_m.c.obj (.text:_c_int00_noargs:_c_int00_noargs)
                  00000924    0000000e                                   : copy_decompress_none.c.obj (.text:decompress:none:__TI_decompress_none)
                  00000932    0000000e     startup_msp432p401r_ccs.obj (.text)
                  00000940    00000004     rtsv7M4_T_le_v4SPD16_eabi.lib : pre_init.c.obj (.text:_system_pre_init)
                  00000944    00000004                                   : exit.c.obj (.text:abort:abort)

.cinit     0    00000948    0000001c     
                  00000948    0000000c     (.cinit..data.load) [load image, compression = lzss]
                  00000954    00000008     (__TI_handler_table)
                  0000095c    00000008     (__TI_cinit_table)

.init_array 
*          0    00000000    00000000     UNINITIALIZED

.binit     0    00000000    00000000     

.data      0    20000000    00000018     UNINITIALIZED
                  20000000    00000011     comm.obj (.data:sensor)
                  20000011    00000003     --HOLE--
                  20000014    00000004     system_msp432p401r.obj (.data)

.stack     0    2000fe00    00000200     UNINITIALIZED
                  2000fe00    00000004     rtsv7M4_T_le_v4SPD16_eabi.lib : boot_cortex_m.c.obj (.stack)
                  2000fe04    000001fc     --HOLE--

MODULE SUMMARY

       Module                        code   ro data   rw data
       ------                        ----   -------   -------
    .\
       system_msp432p401r.obj        820    0         8      
       comm.obj                      728    0         34     
       startup_msp432p401r_ccs.obj   14     228       0      
       main.obj                      180    0         0      
    +--+-----------------------------+------+---------+---------+
       Total:                        1742   228       42     
                                                             
    C:\ti\ccsv8\tools\compiler\ti-cgt-arm_18.1.1.LTS\lib\rtsv7M4_T_le_v4SPD16_eabi.lib
       memcpy_t2.asm.obj             156    0         0      
       copy_decompress_lzss.c.obj    104    0         0      
       autoinit.c.obj                68     0         0      
       boot_cortex_m.c.obj           56     0         0      
       copy_decompress_none.c.obj    14     0         0      
       exit.c.obj                    4      0         0      
       pre_init.c.obj                4      0         0      
    +--+-----------------------------+------+---------+---------+
       Total:                        406    0         0      
                                                             
       Stack:                        0      0         1024   
       Linker Generated:             0      28        0      
    +--+-----------------------------+------+---------+---------+
       Grand Total:                  2148   256       1066   


LINKER GENERATED COPY TABLES

__TI_cinit_table @ 0000095c records: 1, size/record: 8, table size: 8
	.data: load addr=00000948, load size=0000000c bytes, run addr=20000000, run size=00000018 bytes, compression=lzss


LINKER GENERATED HANDLER TABLE

__TI_handler_table @ 00000954 records: 2, size/record: 4, table size: 8
	index: 0, handler: __TI_decompress_lzss
	index: 1, handler: __TI_decompress_none


GLOBAL SYMBOLS: SORTED ALPHABETICALLY BY Name 

address   name                          
-------   ----                          
0000093f  ADC14_IRQHandler              
0000093f  AES256_IRQHandler             
0000093f  BusFault_Handler              
00000945  C$$EXIT                       
0000093f  COMP_E0_IRQHandler            
0000093f  COMP_E1_IRQHandler            
0000093f  CS_IRQHandler                 
0000093f  DMA_ERR_IRQHandler            
0000093f  DMA_INT0_IRQHandler           
0000093f  DMA_INT1_IRQHandler           
0000093f  DMA_INT2_IRQHandler           
0000093f  DMA_INT3_IRQHandler           
0000093f  DebugMon_Handler              
0000093f  Default_Handler               
0000093f  EUSCIA0_IRQHandler            
0000093f  EUSCIA1_IRQHandler            
0000093f  EUSCIA2_IRQHandler            
0000093f  EUSCIA3_IRQHandler            
0000093f  EUSCIB0_IRQHandler            
0000093f  EUSCIB1_IRQHandler            
0000093f  EUSCIB2_IRQHandler            
0000093f  EUSCIB3_IRQHandler            
0000093f  FLCTL_IRQHandler              
0000093f  FPU_IRQHandler                
0000093f  HardFault_Handler             
0000093f  MemManage_Handler             
0000093f  NMI_Handler                   
0000093f  PCM_IRQHandler                
0000093f  PORT1_IRQHandler              
0000093f  PORT2_IRQHandler              
0000093f  PORT3_IRQHandler              
0000093f  PORT4_IRQHandler              
0000093f  PORT5_IRQHandler              
0000093f  PORT6_IRQHandler              
0000093f  PSS_IRQHandler                
0000093f  PendSV_Handler                
0000093f  RTC_C_IRQHandler              
00000933  Reset_Handler                 
0000093f  SVC_Handler                   
0000093f  SysTick_Handler               
20000014  SystemCoreClock               
000000e5  SystemCoreClockUpdate         
0000035d  SystemInit                    
0000093f  T32_INT1_IRQHandler           
0000093f  T32_INT2_IRQHandler           
0000093f  T32_INTC_IRQHandler           
0000093f  TA0_0_IRQHandler              
0000093f  TA0_N_IRQHandler              
0000093f  TA1_0_IRQHandler              
0000093f  TA1_N_IRQHandler              
0000093f  TA2_0_IRQHandler              
0000093f  TA2_N_IRQHandler              
0000093f  TA3_0_IRQHandler              
0000093f  TA3_N_IRQHandler              
0000093f  UsageFault_Handler            
4000480c  WDTCTL_SYM                    
0000093f  WDT_A_IRQHandler              
20010000  __STACK_END                   
00000200  __STACK_SIZE                  
0000095c  __TI_CINIT_Base               
00000964  __TI_CINIT_Limit              
00000954  __TI_Handler_Table_Base       
0000095c  __TI_Handler_Table_Limit      
000008a9  __TI_auto_init_nobinit_nopinit
00000841  __TI_decompress_lzss          
00000925  __TI_decompress_none          
ffffffff  __TI_pprof_out_hndl           
ffffffff  __TI_prof_data_size           
ffffffff  __TI_prof_data_start          
00000000  __TI_static_base__            
000007a5  __aeabi_memcpy                
000007a5  __aeabi_memcpy4               
000007a5  __aeabi_memcpy8               
ffffffff  __binit__                     
ffffffff  __c_args__                    
UNDEFED   __mpu_init                    
2000fe00  __stack                       
000008ed  _c_int00_noargs               
UNDEFED   _system_post_cinit            
00000941  _system_pre_init              
00000945  abort                         
ffffffff  binit                         
00000000  interruptVectors              
000006f1  main                          
000007a5  memcpy                        
0000044d  reload_shift_reg              
20000000  sensor                        
00000419  shift_reg_init                


GLOBAL SYMBOLS: SORTED BY Symbol Address 

address   name                          
-------   ----                          
00000000  __TI_static_base__            
00000000  interruptVectors              
000000e5  SystemCoreClockUpdate         
00000200  __STACK_SIZE                  
0000035d  SystemInit                    
00000419  shift_reg_init                
0000044d  reload_shift_reg              
000006f1  main                          
000007a5  __aeabi_memcpy                
000007a5  __aeabi_memcpy4               
000007a5  __aeabi_memcpy8               
000007a5  memcpy                        
00000841  __TI_decompress_lzss          
000008a9  __TI_auto_init_nobinit_nopinit
000008ed  _c_int00_noargs               
00000925  __TI_decompress_none          
00000933  Reset_Handler                 
0000093f  ADC14_IRQHandler              
0000093f  AES256_IRQHandler             
0000093f  BusFault_Handler              
0000093f  COMP_E0_IRQHandler            
0000093f  COMP_E1_IRQHandler            
0000093f  CS_IRQHandler                 
0000093f  DMA_ERR_IRQHandler            
0000093f  DMA_INT0_IRQHandler           
0000093f  DMA_INT1_IRQHandler           
0000093f  DMA_INT2_IRQHandler           
0000093f  DMA_INT3_IRQHandler           
0000093f  DebugMon_Handler              
0000093f  Default_Handler               
0000093f  EUSCIA0_IRQHandler            
0000093f  EUSCIA1_IRQHandler            
0000093f  EUSCIA2_IRQHandler            
0000093f  EUSCIA3_IRQHandler            
0000093f  EUSCIB0_IRQHandler            
0000093f  EUSCIB1_IRQHandler            
0000093f  EUSCIB2_IRQHandler            
0000093f  EUSCIB3_IRQHandler            
0000093f  FLCTL_IRQHandler              
0000093f  FPU_IRQHandler                
0000093f  HardFault_Handler             
0000093f  MemManage_Handler             
0000093f  NMI_Handler                   
0000093f  PCM_IRQHandler                
0000093f  PORT1_IRQHandler              
0000093f  PORT2_IRQHandler              
0000093f  PORT3_IRQHandler              
0000093f  PORT4_IRQHandler              
0000093f  PORT5_IRQHandler              
0000093f  PORT6_IRQHandler              
0000093f  PSS_IRQHandler                
0000093f  PendSV_Handler                
0000093f  RTC_C_IRQHandler              
0000093f  SVC_Handler                   
0000093f  SysTick_Handler               
0000093f  T32_INT1_IRQHandler           
0000093f  T32_INT2_IRQHandler           
0000093f  T32_INTC_IRQHandler           
0000093f  TA0_0_IRQHandler              
0000093f  TA0_N_IRQHandler              
0000093f  TA1_0_IRQHandler              
0000093f  TA1_N_IRQHandler              
0000093f  TA2_0_IRQHandler              
0000093f  TA2_N_IRQHandler              
0000093f  TA3_0_IRQHandler              
0000093f  TA3_N_IRQHandler              
0000093f  UsageFault_Handler            
0000093f  WDT_A_IRQHandler              
00000941  _system_pre_init              
00000945  C$$EXIT                       
00000945  abort                         
00000954  __TI_Handler_Table_Base       
0000095c  __TI_CINIT_Base               
0000095c  __TI_Handler_Table_Limit      
00000964  __TI_CINIT_Limit              
20000000  sensor                        
20000014  SystemCoreClock               
2000fe00  __stack                       
20010000  __STACK_END                   
4000480c  WDTCTL_SYM                    
ffffffff  __TI_pprof_out_hndl           
ffffffff  __TI_prof_data_size           
ffffffff  __TI_prof_data_start          
ffffffff  __binit__                     
ffffffff  __c_args__                    
ffffffff  binit                         
UNDEFED   __mpu_init                    
UNDEFED   _system_post_cinit            

[88 symbols]
