******************************************************************************
                  TI ARM Linker PC v18.1.1                     
******************************************************************************
>> Linked Sat Jul 10 15:47:16 2021

OUTPUT FILE NAME:   <exp3_3_car_key2.out>
ENTRY POINT SYMBOL: "_c_int00_noargs"  address: 00000929


MEMORY CONFIGURATION

         name            origin    length      used     unused   attr    fill
----------------------  --------  ---------  --------  --------  ----  --------
  MAIN                  00000000   00040000  000009ad  0003f653  R  X
  INFO                  00200000   00004000  00000000  00004000  R  X
  SRAM_CODE             01000000   00010000  00000204  0000fdfc  RW X
  SRAM_DATA             20000000   00010000  00000204  0000fdfc  RW  


SEGMENT ALLOCATION MAP

run origin  load origin   length   init length attrs members
----------  ----------- ---------- ----------- ----- -------
00000000    00000000    000009b0   000009b0    r-x
  00000000    00000000    000000e4   000000e4    r-- .intvecs
  000000e4    000000e4    000008a0   000008a0    r-x .text
  00000984    00000984    00000011   00000011    r-- .const
  00000998    00000998    00000018   00000018    r-- .cinit
20000000    20000000    00000004   00000000    rw-
  20000000    20000000    00000004   00000000    rw- .data
2000fe00    2000fe00    00000200   00000000    rw-
  2000fe00    2000fe00    00000200   00000000    rw- .stack


SECTION ALLOCATION MAP

 output                                  attributes/
section   page    origin      length       input sections
--------  ----  ----------  ----------   ----------------
.intvecs   0    00000000    000000e4     
                  00000000    000000e4     startup_msp432p401r_ccs.obj (.intvecs:retain)

.text      0    000000e4    000008a0     
                  000000e4    000003c8     main.obj (.text)
                  000004ac    00000334     system_msp432p401r.obj (.text)
                  000007e0    0000009c     rtsv7M4_T_le_v4SPD16_eabi.lib : memcpy_t2.asm.obj (.text)
                  0000087c    00000068                                   : copy_decompress_lzss.c.obj (.text:decompress:lzss:__TI_decompress_lzss)
                  000008e4    00000044                                   : autoinit.c.obj (.text:__TI_auto_init_nobinit_nopinit:__TI_auto_init_nobinit_nopinit)
                  00000928    00000038                                   : boot_cortex_m.c.obj (.text:_c_int00_noargs:_c_int00_noargs)
                  00000960    0000000e                                   : copy_decompress_none.c.obj (.text:decompress:none:__TI_decompress_none)
                  0000096e    0000000e     startup_msp432p401r_ccs.obj (.text)
                  0000097c    00000004     rtsv7M4_T_le_v4SPD16_eabi.lib : pre_init.c.obj (.text:_system_pre_init)
                  00000980    00000004                                   : exit.c.obj (.text:abort:abort)

.const     0    00000984    00000011     
                  00000984    00000011     main.obj (.const:$P$T0$1)

.cinit     0    00000998    00000018     
                  00000998    00000008     (.cinit..data.load) [load image, compression = lzss]
                  000009a0    00000008     (__TI_handler_table)
                  000009a8    00000008     (__TI_cinit_table)

.init_array 
*          0    00000000    00000000     UNINITIALIZED

.binit     0    00000000    00000000     

.data      0    20000000    00000004     UNINITIALIZED
                  20000000    00000004     system_msp432p401r.obj (.data)

.stack     0    2000fe00    00000200     UNINITIALIZED
                  2000fe00    00000004     rtsv7M4_T_le_v4SPD16_eabi.lib : boot_cortex_m.c.obj (.stack)
                  2000fe04    000001fc     --HOLE--

MODULE SUMMARY

       Module                        code   ro data   rw data
       ------                        ----   -------   -------
    .\
       main.obj                      968    17        0      
       system_msp432p401r.obj        820    0         8      
       startup_msp432p401r_ccs.obj   14     228       0      
    +--+-----------------------------+------+---------+---------+
       Total:                        1802   245       8      
                                                             
    C:\ti\ccsv8\tools\compiler\ti-cgt-arm_18.1.1.LTS\lib\rtsv7M4_T_le_v4SPD16_eabi.lib
       memcpy_t2.asm.obj             156    0         0      
       copy_decompress_lzss.c.obj    104    0         0      
       autoinit.c.obj                68     0         0      
       boot_cortex_m.c.obj           56     0         0      
       copy_decompress_none.c.obj    14     0         0      
       exit.c.obj                    4      0         0      
       pre_init.c.obj                4      0         0      
    +--+-----------------------------+------+---------+---------+
       Total:                        406    0         0      
                                                             
       Stack:                        0      0         1024   
       Linker Generated:             0      24        0      
    +--+-----------------------------+------+---------+---------+
       Grand Total:                  2208   269       1032   


LINKER GENERATED COPY TABLES

__TI_cinit_table @ 000009a8 records: 1, size/record: 8, table size: 8
	.data: load addr=00000998, load size=00000008 bytes, run addr=20000000, run size=00000004 bytes, compression=lzss


LINKER GENERATED HANDLER TABLE

__TI_handler_table @ 000009a0 records: 2, size/record: 4, table size: 8
	index: 0, handler: __TI_decompress_lzss
	index: 1, handler: __TI_decompress_none


GLOBAL SYMBOLS: SORTED ALPHABETICALLY BY Name 

address   name                          
-------   ----                          
0000097b  ADC14_IRQHandler              
0000097b  AES256_IRQHandler             
0000097b  BusFault_Handler              
00000981  C$$EXIT                       
0000097b  COMP_E0_IRQHandler            
0000097b  COMP_E1_IRQHandler            
0000097b  CS_IRQHandler                 
0000097b  DMA_ERR_IRQHandler            
0000097b  DMA_INT0_IRQHandler           
0000097b  DMA_INT1_IRQHandler           
0000097b  DMA_INT2_IRQHandler           
0000097b  DMA_INT3_IRQHandler           
0000097b  DebugMon_Handler              
0000097b  Default_Handler               
0000097b  EUSCIA0_IRQHandler            
0000097b  EUSCIA1_IRQHandler            
0000097b  EUSCIA2_IRQHandler            
0000097b  EUSCIA3_IRQHandler            
0000097b  EUSCIB0_IRQHandler            
0000097b  EUSCIB1_IRQHandler            
0000097b  EUSCIB2_IRQHandler            
0000097b  EUSCIB3_IRQHandler            
0000097b  FLCTL_IRQHandler              
0000097b  FPU_IRQHandler                
0000097b  HardFault_Handler             
0000097b  MemManage_Handler             
0000097b  NMI_Handler                   
0000097b  PCM_IRQHandler                
0000097b  PORT1_IRQHandler              
0000097b  PORT2_IRQHandler              
0000097b  PORT3_IRQHandler              
0000097b  PORT4_IRQHandler              
0000097b  PORT5_IRQHandler              
0000097b  PORT6_IRQHandler              
0000097b  PSS_IRQHandler                
0000097b  PendSV_Handler                
0000097b  RTC_C_IRQHandler              
0000096f  Reset_Handler                 
0000097b  SVC_Handler                   
0000097b  SysTick_Handler               
20000000  SystemCoreClock               
000004ad  SystemCoreClockUpdate         
00000725  SystemInit                    
0000097b  T32_INT1_IRQHandler           
0000097b  T32_INT2_IRQHandler           
0000097b  T32_INTC_IRQHandler           
0000097b  TA0_0_IRQHandler              
0000097b  TA0_N_IRQHandler              
0000097b  TA1_0_IRQHandler              
0000097b  TA1_N_IRQHandler              
0000097b  TA2_0_IRQHandler              
0000097b  TA2_N_IRQHandler              
0000097b  TA3_0_IRQHandler              
0000097b  TA3_N_IRQHandler              
0000097b  UsageFault_Handler            
4000480c  WDTCTL_SYM                    
0000097b  WDT_A_IRQHandler              
20010000  __STACK_END                   
00000200  __STACK_SIZE                  
000009a8  __TI_CINIT_Base               
000009b0  __TI_CINIT_Limit              
000009a0  __TI_Handler_Table_Base       
000009a8  __TI_Handler_Table_Limit      
000008e5  __TI_auto_init_nobinit_nopinit
0000087d  __TI_decompress_lzss          
00000961  __TI_decompress_none          
ffffffff  __TI_pprof_out_hndl           
ffffffff  __TI_prof_data_size           
ffffffff  __TI_prof_data_start          
00000000  __TI_static_base__            
000007e1  __aeabi_memcpy                
000007e1  __aeabi_memcpy4               
000007e1  __aeabi_memcpy8               
ffffffff  __binit__                     
ffffffff  __c_args__                    
UNDEFED   __mpu_init                    
2000fe00  __stack                       
00000929  _c_int00_noargs               
UNDEFED   _system_post_cinit            
0000097d  _system_pre_init              
00000981  abort                         
ffffffff  binit                         
00000000  interruptVectors              
000000e5  main                          
000007e1  memcpy                        


GLOBAL SYMBOLS: SORTED BY Symbol Address 

address   name                          
-------   ----                          
00000000  __TI_static_base__            
00000000  interruptVectors              
000000e5  main                          
00000200  __STACK_SIZE                  
000004ad  SystemCoreClockUpdate         
00000725  SystemInit                    
000007e1  __aeabi_memcpy                
000007e1  __aeabi_memcpy4               
000007e1  __aeabi_memcpy8               
000007e1  memcpy                        
0000087d  __TI_decompress_lzss          
000008e5  __TI_auto_init_nobinit_nopinit
00000929  _c_int00_noargs               
00000961  __TI_decompress_none          
0000096f  Reset_Handler                 
0000097b  ADC14_IRQHandler              
0000097b  AES256_IRQHandler             
0000097b  BusFault_Handler              
0000097b  COMP_E0_IRQHandler            
0000097b  COMP_E1_IRQHandler            
0000097b  CS_IRQHandler                 
0000097b  DMA_ERR_IRQHandler            
0000097b  DMA_INT0_IRQHandler           
0000097b  DMA_INT1_IRQHandler           
0000097b  DMA_INT2_IRQHandler           
0000097b  DMA_INT3_IRQHandler           
0000097b  DebugMon_Handler              
0000097b  Default_Handler               
0000097b  EUSCIA0_IRQHandler            
0000097b  EUSCIA1_IRQHandler            
0000097b  EUSCIA2_IRQHandler            
0000097b  EUSCIA3_IRQHandler            
0000097b  EUSCIB0_IRQHandler            
0000097b  EUSCIB1_IRQHandler            
0000097b  EUSCIB2_IRQHandler            
0000097b  EUSCIB3_IRQHandler            
0000097b  FLCTL_IRQHandler              
0000097b  FPU_IRQHandler                
0000097b  HardFault_Handler             
0000097b  MemManage_Handler             
0000097b  NMI_Handler                   
0000097b  PCM_IRQHandler                
0000097b  PORT1_IRQHandler              
0000097b  PORT2_IRQHandler              
0000097b  PORT3_IRQHandler              
0000097b  PORT4_IRQHandler              
0000097b  PORT5_IRQHandler              
0000097b  PORT6_IRQHandler              
0000097b  PSS_IRQHandler                
0000097b  PendSV_Handler                
0000097b  RTC_C_IRQHandler              
0000097b  SVC_Handler                   
0000097b  SysTick_Handler               
0000097b  T32_INT1_IRQHandler           
0000097b  T32_INT2_IRQHandler           
0000097b  T32_INTC_IRQHandler           
0000097b  TA0_0_IRQHandler              
0000097b  TA0_N_IRQHandler              
0000097b  TA1_0_IRQHandler              
0000097b  TA1_N_IRQHandler              
0000097b  TA2_0_IRQHandler              
0000097b  TA2_N_IRQHandler              
0000097b  TA3_0_IRQHandler              
0000097b  TA3_N_IRQHandler              
0000097b  UsageFault_Handler            
0000097b  WDT_A_IRQHandler              
0000097d  _system_pre_init              
00000981  C$$EXIT                       
00000981  abort                         
000009a0  __TI_Handler_Table_Base       
000009a8  __TI_CINIT_Base               
000009a8  __TI_Handler_Table_Limit      
000009b0  __TI_CINIT_Limit              
20000000  SystemCoreClock               
2000fe00  __stack                       
20010000  __STACK_END                   
4000480c  WDTCTL_SYM                    
ffffffff  __TI_pprof_out_hndl           
ffffffff  __TI_prof_data_size           
ffffffff  __TI_prof_data_start          
ffffffff  __binit__                     
ffffffff  __c_args__                    
ffffffff  binit                         
UNDEFED   __mpu_init                    
UNDEFED   _system_post_cinit            

[85 symbols]
